2025-03-05 23:00:39,871 - app.models - INFO - Database connection established successfully
2025-03-05 23:00:40,941 - app.models - INFO - Database schema created or verified successfully
2025-03-05 23:00:41,285 - app.ai_analysis.analyzer - INFO - AIAnalysis initialized with model gpt-4o-2024-08-06
2025-03-05 23:00:41,285 - app.ai_analysis - INFO - Created AIAnalysis singleton
2025-03-05 23:00:41,286 - __main__ - INFO - Starting bill fetch with limit=2, analyze=True
2025-03-05 23:00:42,229 - app.models - INFO - Database connection established successfully
2025-03-05 23:00:43,263 - app.models - INFO - Database schema created or verified successfully
2025-03-05 23:00:43,263 - __main__ - INFO - Fetching US Congress bills...
2025-03-05 23:00:49,189 - app.legiscan_api - ERROR - Database error in save_bill_to_db: (psycopg2.errors.InvalidTextRepresentation) invalid input value for enum data_source_enum: "LEGISCAN"
LINE 3: WHERE legislation.data_source = 'LEGISCAN' AND legislation.e...
                                        ^

[SQL: SELECT legislation.id AS legislation_id, legislation.external_id AS legislation_external_id, legislation.data_source AS legislation_data_source, legislation.govt_type AS legislation_govt_type, legislation.govt_source AS legislation_govt_source, legislation.bill_number AS legislation_bill_number, legislation.bill_type AS legislation_bill_type, legislation.title AS legislation_title, legislation.description AS legislation_description, legislation.bill_status AS legislation_bill_status, legislation.url AS legislation_url, legislation.state_link AS legislation_state_link, legislation.bill_introduced_date AS legislation_bill_introduced_date, legislation.bill_last_action_date AS legislation_bill_last_action_date, legislation.bill_status_date AS legislation_bill_status_date, legislation.last_api_check AS legislation_last_api_check, legislation.change_hash AS legislation_change_hash, legislation.raw_api_response AS legislation_raw_api_response, legislation.search_vector AS legislation_search_vector, legislation.created_at AS legislation_created_at, legislation.updated_at AS legislation_updated_at, legislation.created_by AS legislation_created_by, legislation.updated_by AS legislation_updated_by 
FROM legislation 
WHERE legislation.data_source = %(data_source_1)s AND legislation.external_id = %(external_id_1)s 
 LIMIT %(param_1)s]
[parameters: {'data_source_1': 'LEGISCAN', 'external_id_1': '1933827', 'param_1': 1}]
(Background on this error at: https://sqlalche.me/e/20/9h9h)
Traceback (most recent call last):
  File "/home/runner/workspace/.pythonlibs/lib/python3.12/site-packages/sqlalchemy/engine/base.py", line 1964, in _exec_single_context
    self.dialect.do_execute(
  File "/home/runner/workspace/.pythonlibs/lib/python3.12/site-packages/sqlalchemy/engine/default.py", line 942, in do_execute
    cursor.execute(statement, parameters)
psycopg2.errors.InvalidTextRepresentation: invalid input value for enum data_source_enum: "LEGISCAN"
LINE 3: WHERE legislation.data_source = 'LEGISCAN' AND legislation.e...
                                        ^


The above exception was the direct cause of the following exception:

Traceback (most recent call last):
  File "/home/runner/workspace/app/legiscan_api.py", line 469, in save_bill_to_db
    raise e
  File "/home/runner/workspace/app/legiscan_api.py", line 389, in save_bill_to_db
    ).first()
      ^^^^^^^
  File "/home/runner/workspace/.pythonlibs/lib/python3.12/site-packages/sqlalchemy/orm/query.py", line 2754, in first
    return self.limit(1)._iter().first()  # type: ignore
           ^^^^^^^^^^^^^^^^^^^^^
  File "/home/runner/workspace/.pythonlibs/lib/python3.12/site-packages/sqlalchemy/orm/query.py", line 2853, in _iter
    result: Union[ScalarResult[_T], Result[_T]] = self.session.execute(
                                                  ^^^^^^^^^^^^^^^^^^^^^
  File "/home/runner/workspace/.pythonlibs/lib/python3.12/site-packages/sqlalchemy/orm/session.py", line 2365, in execute
    return self._execute_internal(
           ^^^^^^^^^^^^^^^^^^^^^^^
  File "/home/runner/workspace/.pythonlibs/lib/python3.12/site-packages/sqlalchemy/orm/session.py", line 2251, in _execute_internal
    result: Result[Any] = compile_state_cls.orm_execute_statement(
                          ^^^^^^^^^^^^^^^^^^^^^^^^^^^^^^^^^^^^^^^^
  File "/home/runner/workspace/.pythonlibs/lib/python3.12/site-packages/sqlalchemy/orm/context.py", line 305, in orm_execute_statement
    result = conn.execute(
             ^^^^^^^^^^^^^
  File "/home/runner/workspace/.pythonlibs/lib/python3.12/site-packages/sqlalchemy/engine/base.py", line 1416, in execute
    return meth(
           ^^^^^
  File "/home/runner/workspace/.pythonlibs/lib/python3.12/site-packages/sqlalchemy/sql/elements.py", line 516, in _execute_on_connection
    return connection._execute_clauseelement(
           ^^^^^^^^^^^^^^^^^^^^^^^^^^^^^^^^^^
  File "/home/runner/workspace/.pythonlibs/lib/python3.12/site-packages/sqlalchemy/engine/base.py", line 1638, in _execute_clauseelement
    ret = self._execute_context(
          ^^^^^^^^^^^^^^^^^^^^^^
  File "/home/runner/workspace/.pythonlibs/lib/python3.12/site-packages/sqlalchemy/engine/base.py", line 1843, in _execute_context
    return self._exec_single_context(
           ^^^^^^^^^^^^^^^^^^^^^^^^^^
  File "/home/runner/workspace/.pythonlibs/lib/python3.12/site-packages/sqlalchemy/engine/base.py", line 1983, in _exec_single_context
    self._handle_dbapi_exception(
  File "/home/runner/workspace/.pythonlibs/lib/python3.12/site-packages/sqlalchemy/engine/base.py", line 2352, in _handle_dbapi_exception
    raise sqlalchemy_exception.with_traceback(exc_info[2]) from e
  File "/home/runner/workspace/.pythonlibs/lib/python3.12/site-packages/sqlalchemy/engine/base.py", line 1964, in _exec_single_context
    self.dialect.do_execute(
  File "/home/runner/workspace/.pythonlibs/lib/python3.12/site-packages/sqlalchemy/engine/default.py", line 942, in do_execute
    cursor.execute(statement, parameters)
sqlalchemy.exc.DataError: (psycopg2.errors.InvalidTextRepresentation) invalid input value for enum data_source_enum: "LEGISCAN"
LINE 3: WHERE legislation.data_source = 'LEGISCAN' AND legislation.e...